{
  "status": "CACHE_IDENTITY_AND_ALGEBRA_AUDIT_PASS",
  "frozen_files": 213,
  "three_ledgers": [
    {
      "real": 48508435951296,
      "angular": 2051757104,
      "logL": 878592
    },
    {
      "real": 215183215872,
      "angular": 0,
      "logL": 0
    },
    {
      "real": 225322629120,
      "angular": 5844792,
      "logL": 516096
    }
  ],
  "cumulative": {
    "angular": 2057601896,
    "logL": 1394688,
    "real": 48948941796288
  },
  "checked_LL_cache_files": 215,
  "no_ORF_or_logL_evaluations": true,
  "worst_coarse_fine": {
    "file": "new_0062.npz",
    "u": 0.9999997179467736,
    "coarse_fine": 0.00018788788520396338,
    "fine_oracle": 8.909546522772871e-08
  },
  "worst_fine_oracle": {
    "file": "new_0049.npz",
    "u": 0.9997984137756888,
    "coarse_fine": 0.0,
    "fine_oracle": 8.844628746373928e-05
  },
  "common_nodes": 9248,
  "channel_reports": [
    {
      "channel": 1,
      "old_nodes_and_external_coefficients_bitexact": true,
      "common_coeff_independent_algebra_error": 1.849632079338486e-24,
      "common_left_matrix_error": 0.0
    },
    {
      "channel": 2,
      "old_nodes_and_external_coefficients_bitexact": true,
      "common_coeff_independent_algebra_error": 1.3337886605595975e-23,
      "common_left_matrix_error": 0.0
    },
    {
      "channel": 3,
      "old_nodes_and_external_coefficients_bitexact": true,
      "common_coeff_independent_algebra_error": 5.456884859230801e-23,
      "common_left_matrix_error": 0.0
    },
    {
      "channel": 4,
      "old_nodes_and_external_coefficients_bitexact": true,
      "common_coeff_independent_algebra_error": 5.918822653883155e-23,
      "common_left_matrix_error": 0.0
    }
  ],
  "RSS_peak_bytes": 943407104,
  "seconds": 4.710927749983966,
  "source_sha256": "66e249f37037b52dcbdcae1109e82bb8a2583b559722deb334548edb5092ae8e",
  "table_sha256": "4944d15738864697afe19c159a6da7b732ac712d6308806427a9a3106d2c84d7"
}
