{
  "v2_failed_attempt_spent": {
    "real": 215183215872,
    "angular": 0,
    "logL": 0
  },
  "continuation_baseline": {
    "angular": 2051757104,
    "logL": 878592,
    "real": 48723619167168
  },
  "remaining_work": {
    "real": 225322629120,
    "angular": 5844792,
    "logL": 516096
  },
  "planned_final_cumulative": {
    "real": 48948941796288,
    "angular": 2057601896,
    "logL": 1394688
  },
  "workers": [
    {
      "stage": "k4_coarse",
      "orders": [
        5685,
        11390
      ],
      "nodes": 72,
      "planned_real_products": 111872033280,
      "numeric_basis_buffers_bytes": 586441792,
      "reserved_numeric_bytes": 67108864,
      "maximum_numeric_bytes": 1073741824,
      "maximum_RSS_bytes": 1610612736,
      "fresh_OS_process": true,
      "load_other_channel_curves": false,
      "estimated_recurring_arrays": 653550656
    },
    {
      "stage": "k4_fine",
      "orders": [
        5725,
        11470
      ],
      "nodes": 72,
      "planned_real_products": 113450595840,
      "numeric_basis_buffers_bytes": 594231232,
      "reserved_numeric_bytes": 67108864,
      "maximum_numeric_bytes": 1073741824,
      "maximum_RSS_bytes": 1610612736,
      "fresh_OS_process": true,
      "load_other_channel_curves": false,
      "estimated_recurring_arrays": 661340096
    }
  ]
}
