{
  "status": "ROOT_FIRST_CURVE_IDENTITY_PASS",
  "paths": {
    "tmp/c07_sampler/results/table_beta8193_local.npz": "75632dfbdd9cce8b60b9f760a3177a76798a4adb7ac9ccc724092aeaf53ad70d",
    "results/C07/orf_interpolation/orf_table_pilot12x4.npz": "75632dfbdd9cce8b60b9f760a3177a76798a4adb7ac9ccc724092aeaf53ad70d"
  },
  "nodes_bit_equal": true,
  "first_channel_matrices_bit_equal": true,
  "first_channel_cubic_coefficients_bit_equal": true,
  "first_channel_cubic_shape": [
    8335,
    4,
    1,
    12,
    12
  ],
  "first_channel_matrices_sha256": "55c3e9071c65e3e7363135abfc2fa39e99dc98e3bdb836ed87d6990f1782a5d1",
  "nodes_sha256": "96274bd1538edb759d1bbfe0d6f4ef189ad8570dc594e844760c52c0fec6f719",
  "first_channel_cubic_sha256": "2122d1132827ee3146e42a31fc15ce6697aad86847d8e66af48a3e7a96b77f60",
  "coefficient_coordinate": "minus_beta",
  "numpy_version": "2.4.3",
  "source_sha256": "9c104275cf730a979cc36b1c1c8228f6e941a23648b2a53a790e65a7eae55654"
}
