{
  "status": "PROSPECTIVE_ONLY_NOT_AUTHORIZED_OR_STARTED",
  "cost": {
    "previous_real_products": 48508435951296,
    "new_patch_real_products": 11830330368,
    "new_oracle_real_products": 428675514624,
    "planned_new_real_products": 440505844992,
    "planned_cumulative_real_products": 48948941796288,
    "maximum_cumulative_real_products": 50000000000000,
    "remaining_real_products_after_plan": 1051058203712,
    "previous_logL": 878592,
    "new_historical_logL": 73728,
    "new_control_logL": 442368,
    "planned_new_logL": 516096,
    "planned_cumulative_logL": 1394688,
    "requested_new_logL_cap": 600000,
    "requested_cumulative_logL_cap": 1600000,
    "previous_direct_angular_work": 2051757104,
    "planned_new_direct_angular_work": 5844792,
    "planned_cumulative_direct_angular_work": 2057601896,
    "maximum_cumulative_direct_angular_work": 8000000000
  },
  "resources": {
    "workers": 1,
    "VECLIB_MAXIMUM_THREADS": 1,
    "maximum_RSS_bytes": 1610612736,
    "maximum_estimated_numeric_bytes": 1073741824,
    "union_interpolation_nodes": 9248,
    "common_matrix_bytes": 85229568,
    "common_coefficient_bytes": 340881408,
    "maximum_basis_buffers_bytes": 594231232,
    "estimated_time": "Expected a few minutes, dominated by eight full-resolution basis preparations and72 independent oracle points; measure, not promise. No native bank or posterior.",
    "old_run_RSS_peak_bytes": 1360314368
  }
}
