{
  "status": "READ_ONLY_C_FULL_V2_AUDIT_PASS",
  "frozen_files": 272,
  "checked_LL_caches": 287,
  "checked_independent_references": 54,
  "resource_delta": {
    "real": 16722391296,
    "angular": 1352456,
    "logL": 560832
  },
  "resource_cumulative": {
    "angular": 1352456,
    "logL": 1883520,
    "real": 16722391296
  },
  "old_nodes_and_external_coefficients_bitexact": true,
  "all_exported_channels_bitexact": true,
  "all_reference_numeric_fields_finite": true,
  "reference_finitude_guard_note": "Executed source writes JSON with allow_nan=False before PASS/export; explicit np.isfinite at comparison point is recommended for clearer future errors, without changing this source.",
  "array_metadata_sha256": {
    "nodes": {
      "shape": [
        8448
      ],
      "dtype": "<f8",
      "sha256": "6ba575b5e9bf3d4a02a642452341ae29e51b0cc9c6c0767d2666dc420a58ce19"
    },
    "matrices": {
      "shape": [
        8448,
        4,
        12,
        12
      ],
      "dtype": "<c16",
      "sha256": "e099149fc56043b5715618f8a7ea430acd4f01da673fd944e69eac67de949444"
    },
    "coeff": {
      "shape": [
        8447,
        4,
        4,
        12,
        12
      ],
      "dtype": "<c16",
      "sha256": "4a3a67f14364056e4e882ec6a4816fa82b313a1ab9d5edf5ba9d18377a5e32e3"
    }
  },
  "table_sha256": "96e552bc97b4978fbe8c8c825c63cef8c7cf6ad31895b4eb22204aaaf0f150ed",
  "source_sha256": "7105adb92da2e63c12c77f7c7b108cce36eea8ecd79930f0353689e5efc141a1",
  "seconds": 3.443248042021878,
  "RSS_peak_bytes": 697597952,
  "no_ORF_or_logL_evaluations": true
}
